[     451ms] [ERROR] Mixed Content: The page at 'https://automationexercise.com/login' was loaded over HTTPS, but requested an insecure stylesheet 'http://fonts.googleapis.com/css?family=Roboto:400,300,400italic,500,700,100'. This request has been blocked; the content must be served over HTTPS. @ https://automationexercise.com/login:18
[     452ms] [ERROR] Mixed Content: The page at 'https://automationexercise.com/login' was loaded over HTTPS, but requested an insecure stylesheet 'http://fonts.googleapis.com/css?family=Open+Sans:400,800,300,600,700'. This request has been blocked; the content must be served over HTTPS. @ https://automationexercise.com/login:18
[     452ms] [ERROR] Mixed Content: The page at 'https://automationexercise.com/login' was loaded over HTTPS, but requested an insecure stylesheet 'http://fonts.googleapis.com/css?family=Abel'. This request has been blocked; the content must be served over HTTPS. @ https://automationexercise.com/login:18
[     477ms] [VERBOSE] [DOM] Input elements should have autocomplete attributes (suggested: "current-password"): (More info: https://goo.gl/9p2vKq) %o @ https://automationexercise.com/login:0
[    1554ms] [ERROR] Attestation check for Shared Storage on https://www.googleadservices.com failed. @ https://www.googleadservices.com/pagead/managed/js/activeview/current/reach_worklet.html:0
[    1554ms] [ERROR] Attestation check for Shared Storage on https://www.googleadservices.com failed. @ https://www.googleadservices.com/pagead/managed/js/activeview/current/reach_worklet.html:0
[    1684ms] [ERROR] Attestation check for Attribution Reporting on https://ad.doubleclick.net failed. @ https://automationexercise.com/login:0
[    1554ms] [ERROR] Attestation check for Shared Storage on https://www.googleadservices.com failed. @ https://www.googleadservices.com/pagead/managed/js/activeview/current/reach_worklet.html:0
[    1995ms] [ERROR] Attestation check for Shared Storage on https://www.googleadservices.com failed. @ https://www.googleadservices.com/pagead/managed/js/activeview/current/reach_worklet.html:0
[    2289ms] [ERROR] Attestation check for Shared Storage on https://www.googleadservices.com failed. @ https://www.googleadservices.com/pagead/managed/js/activeview/current/reach_worklet.html:0
[    2409ms] [ERROR] Attestation check for Attribution Reporting on https://ad.doubleclick.net failed. @ https://automationexercise.com/login:0
[    8145ms] [ERROR] Mixed Content: The page at 'https://automationexercise.com/signup' was loaded over HTTPS, but requested an insecure stylesheet 'http://fonts.googleapis.com/css?family=Roboto:400,300,400italic,500,700,100'. This request has been blocked; the content must be served over HTTPS. @ https://automationexercise.com/signup:18
[    8145ms] [ERROR] Mixed Content: The page at 'https://automationexercise.com/signup' was loaded over HTTPS, but requested an insecure stylesheet 'http://fonts.googleapis.com/css?family=Open+Sans:400,800,300,600,700'. This request has been blocked; the content must be served over HTTPS. @ https://automationexercise.com/signup:18
[    8145ms] [ERROR] Mixed Content: The page at 'https://automationexercise.com/signup' was loaded over HTTPS, but requested an insecure stylesheet 'http://fonts.googleapis.com/css?family=Abel'. This request has been blocked; the content must be served over HTTPS. @ https://automationexercise.com/signup:18
[    8184ms] [VERBOSE] [DOM] Input elements should have autocomplete attributes (suggested: "current-password"): (More info: https://goo.gl/9p2vKq) %o @ https://automationexercise.com/signup:0
[    9162ms] [ERROR] Attestation check for Attribution Reporting on https://ad.doubleclick.net failed. @ https://automationexercise.com/signup:0
[    9204ms] [ERROR] Attestation check for Shared Storage on https://www.googleadservices.com failed. @ https://www.googleadservices.com/pagead/managed/js/activeview/current/reach_worklet.html:0
[    9204ms] [ERROR] Attestation check for Shared Storage on https://www.googleadservices.com failed. @ https://www.googleadservices.com/pagead/managed/js/activeview/current/reach_worklet.html:0
[    9526ms] [WARNING] Origin not specified in model, cannot post loaded message to parent @ https://s0.2mdn.net/sadbundle/1005124807936431714/main.js:0
[    9542ms] [ERROR] Attestation check for Shared Storage on https://www.googleadservices.com failed. @ https://www.googleadservices.com/pagead/managed/js/activeview/current/reach_worklet.html:0
[    9649ms] [ERROR] Refused to apply style from 'https://s0.2mdn.net/sadbundle/1005124807936431714/videoInterface.css' because its MIME type ('image/gif') is not a supported stylesheet MIME type, and strict MIME checking is enabled. @ https://s0.2mdn.net/sadbundle/1005124807936431714/index.html?ev=01_262:0
[    9651ms] Object
[    9679ms] [ERROR] Attestation check for Attribution Reporting on https://ad.doubleclick.net failed. @ https://automationexercise.com/signup:0
