[     918ms] [ERROR] Mixed Content: The page at 'https://www.automationexercise.com/login' was loaded over HTTPS, but requested an insecure stylesheet 'http://fonts.googleapis.com/css?family=Roboto:400,300,400italic,500,700,100'. This request has been blocked; the content must be served over HTTPS. @ https://www.automationexercise.com/login:0
[     918ms] [ERROR] Mixed Content: The page at 'https://www.automationexercise.com/login' was loaded over HTTPS, but requested an insecure stylesheet 'http://fonts.googleapis.com/css?family=Open+Sans:400,800,300,600,700'. This request has been blocked; the content must be served over HTTPS. @ https://www.automationexercise.com/login:0
[     919ms] [ERROR] Mixed Content: The page at 'https://www.automationexercise.com/login' was loaded over HTTPS, but requested an insecure stylesheet 'http://fonts.googleapis.com/css?family=Abel'. This request has been blocked; the content must be served over HTTPS. @ https://www.automationexercise.com/login:0
[    1009ms] [VERBOSE] [DOM] Input elements should have autocomplete attributes (suggested: "current-password"): (More info: https://goo.gl/9p2vKq) %o @ https://www.automationexercise.com/login:0
[    2606ms] [ERROR] Attestation check for Attribution Reporting on https://ad.doubleclick.net failed. @ https://www.automationexercise.com/login:0
[    2725ms] [ERROR] Attestation check for Shared Storage on https://www.googleadservices.com failed. @ https://www.googleadservices.com/pagead/managed/js/activeview/current/reach_worklet.html:0
[    2734ms] [ERROR] Attestation check for Shared Storage on https://www.googleadservices.com failed. @ https://www.googleadservices.com/pagead/managed/js/activeview/current/reach_worklet.html:0
[    2839ms] [ERROR] Attestation check for Attribution Reporting on https://ad.doubleclick.net failed. @ https://www.automationexercise.com/login:0
[    2725ms] [ERROR] Attestation check for Shared Storage on https://www.googleadservices.com failed. @ https://www.googleadservices.com/pagead/managed/js/activeview/current/reach_worklet.html:0
[    2734ms] [ERROR] Attestation check for Shared Storage on https://www.googleadservices.com failed. @ https://www.googleadservices.com/pagead/managed/js/activeview/current/reach_worklet.html:0
[    3138ms] [ERROR] Attestation check for Shared Storage on https://www.googleadservices.com failed. @ https://www.googleadservices.com/pagead/managed/js/activeview/current/reach_worklet.html:0
[   15214ms] [ERROR] Mixed Content: The page at 'https://www.automationexercise.com/signup' was loaded over HTTPS, but requested an insecure stylesheet 'http://fonts.googleapis.com/css?family=Roboto:400,300,400italic,500,700,100'. This request has been blocked; the content must be served over HTTPS. @ https://www.automationexercise.com/signup:18
[   15214ms] [ERROR] Mixed Content: The page at 'https://www.automationexercise.com/signup' was loaded over HTTPS, but requested an insecure stylesheet 'http://fonts.googleapis.com/css?family=Open+Sans:400,800,300,600,700'. This request has been blocked; the content must be served over HTTPS. @ https://www.automationexercise.com/signup:18
[   15215ms] [ERROR] Mixed Content: The page at 'https://www.automationexercise.com/signup' was loaded over HTTPS, but requested an insecure stylesheet 'http://fonts.googleapis.com/css?family=Abel'. This request has been blocked; the content must be served over HTTPS. @ https://www.automationexercise.com/signup:18
[   15265ms] [VERBOSE] [DOM] Input elements should have autocomplete attributes (suggested: "current-password"): (More info: https://goo.gl/9p2vKq) %o @ https://www.automationexercise.com/signup:0
[   16149ms] [ERROR] Attestation check for Attribution Reporting on https://ad.doubleclick.net failed. @ https://www.automationexercise.com/signup:0
[   16261ms] [ERROR] Attestation check for Attribution Reporting on https://ad.doubleclick.net failed. @ https://www.automationexercise.com/signup:0
[   16320ms] [ERROR] Attestation check for Shared Storage on https://www.googleadservices.com failed. @ https://www.googleadservices.com/pagead/managed/js/activeview/current/reach_worklet.html:0
[   16335ms] [ERROR] Attestation check for Shared Storage on https://www.googleadservices.com failed. @ https://www.googleadservices.com/pagead/managed/js/activeview/current/reach_worklet.html:0
[   46430ms] [ERROR] Mixed Content: The page at 'https://www.automationexercise.com/account_created' was loaded over HTTPS, but requested an insecure stylesheet 'http://fonts.googleapis.com/css?family=Roboto:400,300,400italic,500,700,100'. This request has been blocked; the content must be served over HTTPS. @ https://www.automationexercise.com/account_created:0
[   46430ms] [ERROR] Mixed Content: The page at 'https://www.automationexercise.com/account_created' was loaded over HTTPS, but requested an insecure stylesheet 'http://fonts.googleapis.com/css?family=Open+Sans:400,800,300,600,700'. This request has been blocked; the content must be served over HTTPS. @ https://www.automationexercise.com/account_created:0
[   46431ms] [ERROR] Mixed Content: The page at 'https://www.automationexercise.com/account_created' was loaded over HTTPS, but requested an insecure stylesheet 'http://fonts.googleapis.com/css?family=Abel'. This request has been blocked; the content must be served over HTTPS. @ https://www.automationexercise.com/account_created:0
[   48110ms] [ERROR] Attestation check for Shared Storage on https://www.googleadservices.com failed. @ https://www.googleadservices.com/pagead/managed/js/activeview/current/reach_worklet.html:0
[   48110ms] [ERROR] Attestation check for Shared Storage on https://www.googleadservices.com failed. @ https://www.googleadservices.com/pagead/managed/js/activeview/current/reach_worklet.html:0
[   48391ms] [ERROR] Attestation check for Shared Storage on https://www.googleadservices.com failed. @ https://www.googleadservices.com/pagead/managed/js/activeview/current/reach_worklet.html:0
[   48930ms] [LOG] no video @ https://s0.2mdn.net/sadbundle/3713214220190425334/js/combined.js:8
[   48931ms] [ERROR] Access denied: Cross-origin restriction. @ https://s0.2mdn.net/sadbundle/3713214220190425334/js/combined.js:8
